[0m18:48:19.321111 [debug] [MainThread]: Sending event: {'category': 'dbt', 'action': 'invocation', 'label': 'start', 'context': [<snowplow_tracker.self_describing_json.SelfDescribingJson object at 0x000001831EDD23C0>, <snowplow_tracker.self_describing_json.SelfDescribingJson object at 0x000001831E6C5430>, <snowplow_tracker.self_describing_json.SelfDescribingJson object at 0x000001831E6C69F0>]}


============================== 18:48:19.327574 | 997b844c-e115-4676-923d-88d70bb14ac4 ==============================
[0m18:48:19.327574 [info ] [MainThread]: Running with dbt=1.12.0
[0m18:48:19.327574 [debug] [MainThread]: running dbt with arguments {'version_check': 'True', 'no_print': 'None', 'static_parser': 'True', 'warn_error_options': 'WarnErrorOptionsV2(error=[], warn=[], silence=[])', 'target_path': 'None', 'maximum_seed_size_mib': '1', 'printer_width': '80', 'write_json': 'True', 'introspect': 'True', 'log_cache_events': 'False', 'empty': 'False', 'cache_selected_only': 'False', 'log_format': 'default', 'debug': 'False', 'fail_fast': 'False', 'partial_parse': 'True', 'send_anonymous_usage_stats': 'True', 'quiet': 'False', 'warn_error': 'None', 'profiles_dir': 'C:\\Users\\Engca\\observatorio_parlamentar\\pipeline\\gold', 'use_colors': 'True', 'hints_enabled': 'True', 'indirect_selection': 'eager', 'use_experimental_parser': 'False', 'invocation_command': 'dbt ', 'log_path': 'C:\\Users\\Engca\\observatorio_parlamentar\\pipeline\\gold\\logs'}
[0m18:48:19.604148 [debug] [MainThread]: Sending event: {'category': 'dbt', 'action': 'project_id', 'label': '997b844c-e115-4676-923d-88d70bb14ac4', 'context': [<snowplow_tracker.self_describing_json.SelfDescribingJson object at 0x000001831E6E4620>]}
[0m18:48:19.667351 [debug] [MainThread]: Sending event: {'category': 'dbt', 'action': 'adapter_info', 'label': '997b844c-e115-4676-923d-88d70bb14ac4', 'context': [<snowplow_tracker.self_describing_json.SelfDescribingJson object at 0x0000018320BABEF0>]}
[0m18:48:19.674307 [info ] [MainThread]: Registered adapter: duckdb=1.11.0
[0m18:48:20.022213 [debug] [MainThread]: checksum: 312c3617e54a1bb9985ed00072eb82335c24f4d0b19c673e3b8cb9d14410ed9e, vars: {}, profile: observatorio_gold, target: dev, version: 1.12.0
[0m18:48:20.182808 [info ] [MainThread]: Unable to do partial parsing because a project config has changed
[0m18:48:20.184170 [debug] [MainThread]: Sending event: {'category': 'dbt', 'action': 'partial_parser', 'label': '997b844c-e115-4676-923d-88d70bb14ac4', 'context': [<snowplow_tracker.self_describing_json.SelfDescribingJson object at 0x000001831ED62240>]}
[0m18:48:21.885158 [warn ] [MainThread]: [[33mWARNING[0m]: 'dim_orgao' is a seed node, but it is specified in the models section of
models\dimensions\schema.yml. To fix this error, place the `dim_orgao`
specification under the seeds key instead.
[0m18:48:22.029923 [warn ] [MainThread]: [[33mWARNING[0m][MissingArgumentsPropertyInGenericTestDeprecation]: Deprecated
functionality
Found top-level arguments to test `accepted_values` defined on 'dim_orgao' in
package 'observatorio_gold' (models\dimensions\schema.yml). Arguments to generic
tests should be nested under the `arguments` property.
[0m18:48:22.031431 [debug] [MainThread]: Sending event: {'category': 'dbt', 'action': 'deprecation', 'label': '997b844c-e115-4676-923d-88d70bb14ac4', 'property_': 'warn', 'context': [<snowplow_tracker.self_describing_json.SelfDescribingJson object at 0x00000183211451C0>]}
[0m18:48:22.169961 [warn ] [MainThread]: [[33mWARNING[0m]: Configuration paths exist in your dbt_project.yml file which do not apply to any resources.
There are 3 unused configuration paths:
- models.observatorio_gold.control
- models.observatorio_gold.analytics
- models.observatorio_gold.facts
[0m18:48:22.174959 [debug] [MainThread]: Sending event: {'category': 'dbt', 'action': 'load_project', 'label': '997b844c-e115-4676-923d-88d70bb14ac4', 'context': [<snowplow_tracker.self_describing_json.SelfDescribingJson object at 0x00000183225BC860>]}
[0m18:48:22.328726 [debug] [MainThread]: Wrote artifact WritableManifest to C:\Users\Engca\observatorio_parlamentar\pipeline\gold\target\manifest.json
[0m18:48:22.334503 [debug] [MainThread]: Wrote artifact SemanticManifest to C:\Users\Engca\observatorio_parlamentar\pipeline\gold\target\semantic_manifest.json
[0m18:48:22.363933 [debug] [MainThread]: Wrote artifact OsiDocument to C:\Users\Engca\observatorio_parlamentar\pipeline\gold\target\osi_document.json
[0m18:48:22.485725 [debug] [MainThread]: Sending event: {'category': 'dbt', 'action': 'resource_counts', 'label': '997b844c-e115-4676-923d-88d70bb14ac4', 'context': [<snowplow_tracker.self_describing_json.SelfDescribingJson object at 0x00000183225E7800>]}
[0m18:48:22.486727 [info ] [MainThread]: Found 1 model, 1 seed, 12 data tests, 4 sources, 500 macros
[0m18:48:22.488726 [info ] [MainThread]: 
[0m18:48:22.489970 [info ] [MainThread]: Concurrency: 4 threads (target='dev')
[0m18:48:22.490974 [info ] [MainThread]: 
[0m18:48:22.492970 [debug] [MainThread]: Acquiring new duckdb connection 'master'
[0m18:48:22.495089 [debug] [ThreadPool]: Acquiring new duckdb connection 'list_observatorio_dev'
[0m18:48:22.590977 [debug] [ThreadPool]: Using duckdb connection "list_observatorio_dev"
[0m18:48:22.591977 [debug] [ThreadPool]: On list_observatorio_dev: /* {"app": "dbt", "dbt_version": "1.12.0", "profile_name": "observatorio_gold", "target_name": "dev", "connection_name": "list_observatorio_dev"} */

    
    select schema_name
    from system.information_schema.schemata
    
    where lower(catalog_name) = '"observatorio_dev"'
    
  
  
[0m18:48:22.592977 [debug] [ThreadPool]: Opening a new connection, currently in state init
[0m18:48:22.623066 [debug] [ThreadPool]: SQL status: OK in 0.031 seconds
[0m18:48:22.625065 [debug] [ThreadPool]: On list_observatorio_dev: Close
[0m18:48:22.626067 [debug] [ThreadPool]: Re-using an available connection from the pool (formerly list_observatorio_dev, now create_observatorio_dev_main)
[0m18:48:22.627069 [debug] [ThreadPool]: Creating schema "database: "observatorio_dev"
schema: "main"
"
[0m18:48:22.631535 [debug] [ThreadPool]: Using duckdb connection "create_observatorio_dev_main"
[0m18:48:22.631535 [debug] [ThreadPool]: On create_observatorio_dev_main: /* {"app": "dbt", "dbt_version": "1.12.0", "profile_name": "observatorio_gold", "target_name": "dev", "connection_name": "create_observatorio_dev_main"} */

    
        select type from duckdb_databases()
        where lower(database_name)='observatorio_dev'
        and type != 'duckdb'
    
  
[0m18:48:22.637437 [debug] [ThreadPool]: Opening a new connection, currently in state closed
[0m18:48:22.639776 [debug] [ThreadPool]: SQL status: OK in 0.002 seconds
[0m18:48:22.640790 [debug] [ThreadPool]: Using duckdb connection "create_observatorio_dev_main"
[0m18:48:22.641791 [debug] [ThreadPool]: On create_observatorio_dev_main: BEGIN
[0m18:48:22.642792 [debug] [ThreadPool]: SQL status: OK in 0.000 seconds
[0m18:48:22.642792 [debug] [ThreadPool]: Using duckdb connection "create_observatorio_dev_main"
[0m18:48:22.643794 [debug] [ThreadPool]: On create_observatorio_dev_main: /* {"app": "dbt", "dbt_version": "1.12.0", "profile_name": "observatorio_gold", "target_name": "dev", "connection_name": "create_observatorio_dev_main"} */

    
    
        create schema if not exists "observatorio_dev"."main"
    
[0m18:48:22.643794 [debug] [ThreadPool]: SQL status: OK in 0.000 seconds
[0m18:48:22.645792 [debug] [ThreadPool]: On create_observatorio_dev_main: COMMIT
[0m18:48:22.645792 [debug] [ThreadPool]: Using duckdb connection "create_observatorio_dev_main"
[0m18:48:22.646819 [debug] [ThreadPool]: On create_observatorio_dev_main: COMMIT
[0m18:48:22.647331 [debug] [ThreadPool]: SQL status: OK in 0.000 seconds
[0m18:48:22.648342 [debug] [ThreadPool]: On create_observatorio_dev_main: Close
[0m18:48:22.650739 [debug] [ThreadPool]: Acquiring new duckdb connection 'list_observatorio_dev_main'
[0m18:48:22.656970 [debug] [ThreadPool]: Using duckdb connection "list_observatorio_dev_main"
[0m18:48:22.656970 [debug] [ThreadPool]: On list_observatorio_dev_main: BEGIN
[0m18:48:22.656970 [debug] [ThreadPool]: Opening a new connection, currently in state init
[0m18:48:22.656970 [debug] [ThreadPool]: SQL status: OK in 0.001 seconds
[0m18:48:22.656970 [debug] [ThreadPool]: Using duckdb connection "list_observatorio_dev_main"
[0m18:48:22.656970 [debug] [ThreadPool]: On list_observatorio_dev_main: /* {"app": "dbt", "dbt_version": "1.12.0", "profile_name": "observatorio_gold", "target_name": "dev", "connection_name": "list_observatorio_dev_main"} */
select
      'observatorio_dev' as database,
      table_name as name,
      table_schema as schema,
      CASE table_type
        WHEN 'BASE TABLE' THEN 'table'
        WHEN 'VIEW' THEN 'view'
        WHEN 'LOCAL TEMPORARY' THEN 'table'
        END as type
    from system.information_schema.tables
    where lower(table_schema) = 'main'
    and lower(table_catalog) = 'observatorio_dev'
  
[0m18:48:22.663092 [debug] [ThreadPool]: SQL status: OK in 0.003 seconds
[0m18:48:22.664909 [debug] [ThreadPool]: On list_observatorio_dev_main: ROLLBACK
[0m18:48:22.666880 [debug] [ThreadPool]: On list_observatorio_dev_main: Close
[0m18:48:22.666880 [debug] [MainThread]: Sending event: {'category': 'dbt', 'action': 'runnable_timing', 'label': '997b844c-e115-4676-923d-88d70bb14ac4', 'context': [<snowplow_tracker.self_describing_json.SelfDescribingJson object at 0x000001831F7743E0>]}
[0m18:48:22.668867 [debug] [MainThread]: Using duckdb connection "master"
[0m18:48:22.668867 [debug] [MainThread]: On master: BEGIN
[0m18:48:22.668867 [debug] [MainThread]: Opening a new connection, currently in state init
[0m18:48:22.670810 [debug] [MainThread]: SQL status: OK in 0.001 seconds
[0m18:48:22.671832 [debug] [MainThread]: On master: COMMIT
[0m18:48:22.671832 [debug] [MainThread]: Using duckdb connection "master"
[0m18:48:22.672830 [debug] [MainThread]: On master: COMMIT
[0m18:48:22.672830 [debug] [MainThread]: SQL status: OK in 0.000 seconds
[0m18:48:22.674253 [debug] [MainThread]: On master: Close
[0m18:48:22.680528 [debug] [Thread-1 (]: Began running node model.observatorio_gold.dim_data
[0m18:48:22.680528 [debug] [Thread-2 (]: Began running node seed.observatorio_gold.dim_orgao
[0m18:48:22.681743 [info ] [Thread-1 (]: 1 of 14 START sql table model main.dim_data .................................... [RUN]
[0m18:48:22.682742 [info ] [Thread-2 (]: 2 of 14 START seed file main.dim_orgao ......................................... [RUN]
[0m18:48:22.684183 [debug] [Thread-1 (]: Acquiring new duckdb connection 'model.observatorio_gold.dim_data'
[0m18:48:22.685187 [debug] [Thread-2 (]: Acquiring new duckdb connection 'seed.observatorio_gold.dim_orgao'
[0m18:48:22.686185 [debug] [Thread-1 (]: Began compiling node model.observatorio_gold.dim_data
[0m18:48:22.687213 [debug] [Thread-2 (]: Began compiling node seed.observatorio_gold.dim_orgao
[0m18:48:22.695248 [debug] [Thread-1 (]: Writing injected SQL for node "model.observatorio_gold.dim_data"
[0m18:48:22.696252 [debug] [Thread-2 (]: Began executing node seed.observatorio_gold.dim_orgao
[0m18:48:22.710955 [debug] [Thread-1 (]: Began executing node model.observatorio_gold.dim_data
[0m18:48:22.775708 [debug] [Thread-1 (]: Writing runtime sql for node "model.observatorio_gold.dim_data"
[0m18:48:22.787451 [debug] [Thread-2 (]: Using duckdb connection "seed.observatorio_gold.dim_orgao"
[0m18:48:22.788628 [debug] [Thread-2 (]: On seed.observatorio_gold.dim_orgao: BEGIN
[0m18:48:22.788628 [debug] [Thread-2 (]: Opening a new connection, currently in state init
[0m18:48:22.790088 [debug] [Thread-1 (]: Using duckdb connection "model.observatorio_gold.dim_data"
[0m18:48:22.791309 [debug] [Thread-2 (]: SQL status: OK in 0.002 seconds
[0m18:48:22.791309 [debug] [Thread-1 (]: On model.observatorio_gold.dim_data: BEGIN
[0m18:48:22.792642 [debug] [Thread-2 (]: Using duckdb connection "seed.observatorio_gold.dim_orgao"
[0m18:48:22.793724 [debug] [Thread-1 (]: Opening a new connection, currently in state init
[0m18:48:22.795210 [debug] [Thread-2 (]: On seed.observatorio_gold.dim_orgao: /* {"app": "dbt", "dbt_version": "1.12.0", "profile_name": "observatorio_gold", "target_name": "dev", "node_id": "seed.observatorio_gold.dim_orgao"} */

    create table "observatorio_dev"."main"."dim_orgao" ("id_orgao" bigint,"poder" varchar,"instituicao" varchar,"sigla" varchar,"ug_siafi" varchar,"gestao" varchar)
  
[0m18:48:22.797210 [debug] [Thread-1 (]: SQL status: OK in 0.003 seconds
[0m18:48:22.798253 [debug] [Thread-1 (]: Using duckdb connection "model.observatorio_gold.dim_data"
[0m18:48:22.799256 [debug] [Thread-2 (]: SQL status: OK in 0.001 seconds
[0m18:48:22.800252 [debug] [Thread-1 (]: On model.observatorio_gold.dim_data: /* {"app": "dbt", "dbt_version": "1.12.0", "profile_name": "observatorio_gold", "target_name": "dev", "node_id": "model.observatorio_gold.dim_data"} */

    

    create  table
      "observatorio_dev"."main"."dim_data__dbt_tmp"
  
    
    as (
      -- Dimensão calendário (Trilha A). Gerada por série de datas, sem
-- dependência de fonte Silver ou de silver_* populada — por isso não
-- há model de quarentena (não existe "dado inválido" numa dimensão
-- gerada). Horizonte externalizado em `dbt_project.yml` (vars, ADR-008):
-- data_inicio espelha o início real da Câmara
-- (config/sources.yaml: camara.carga_historica.data_inicio).

with date_spine as (
    select cast(d as date) as calendar_date
    from (
        select * from range(
            date '2015-01-01',
            date '2035-12-31' + interval '1 day',
            interval 1 day
        )
    ) as t(d)
)

select
    cast(strftime(calendar_date, '%Y%m%d') as bigint) as data_sk,
    calendar_date as data,
    year(calendar_date) as ano,
    month(calendar_date) as mes,
    day(calendar_date) as dia,
    quarter(calendar_date) as trimestre,
    date_part('dow', calendar_date) as dia_semana_num,
    dayname(calendar_date) as dia_semana_nome,
    monthname(calendar_date) as mes_nome,
    -- is_dia_util: seg-sex apenas. Feriados nacionais e calendário de
    -- sessões parlamentares ficam fora desta Onda 1 — ver PROJECT_CONTEXT
    -- §10 (critério "despesa em dia sem sessão").
    case
        when date_part('dow', calendar_date) in (0, 6) then false
        else true
    end as is_dia_util
from date_spine
    );
    
  
[0m18:48:22.813522 [debug] [Thread-2 (]: Using duckdb connection "seed.observatorio_gold.dim_orgao"
[0m18:48:22.816362 [debug] [Thread-2 (]: On seed.observatorio_gold.dim_orgao: 
          COPY "observatorio_dev"."main"."dim_orgao" FROM 'C:\Users\Engca\observatorio_parlamentar\pipeline\gold\seeds\dim_orgao.csv' (FORMAT CSV, HEADER TRUE, DELIMITER ',')
        ...
[0m18:48:22.821853 [debug] [Thread-1 (]: SQL status: OK in 0.007 seconds
[0m18:48:22.828367 [debug] [Thread-1 (]: Using duckdb connection "model.observatorio_gold.dim_data"
[0m18:48:22.829364 [debug] [Thread-1 (]: On model.observatorio_gold.dim_data: /* {"app": "dbt", "dbt_version": "1.12.0", "profile_name": "observatorio_gold", "target_name": "dev", "node_id": "model.observatorio_gold.dim_data"} */
alter table "observatorio_dev"."main"."dim_data__dbt_tmp" rename to "dim_data"
[0m18:48:22.830367 [debug] [Thread-2 (]: SQL status: OK in 0.013 seconds
[0m18:48:22.838890 [debug] [Thread-2 (]: Writing runtime SQL for node "seed.observatorio_gold.dim_orgao"
[0m18:48:22.839403 [debug] [Thread-1 (]: SQL status: OK in 0.008 seconds
[0m18:48:22.855838 [debug] [Thread-1 (]: On model.observatorio_gold.dim_data: COMMIT
[0m18:48:22.855838 [debug] [Thread-1 (]: Using duckdb connection "model.observatorio_gold.dim_data"
[0m18:48:22.855838 [debug] [Thread-1 (]: On model.observatorio_gold.dim_data: COMMIT
[0m18:48:22.864816 [debug] [Thread-2 (]: On seed.observatorio_gold.dim_orgao: COMMIT
[0m18:48:22.866531 [debug] [Thread-2 (]: Using duckdb connection "seed.observatorio_gold.dim_orgao"
[0m18:48:22.867457 [debug] [Thread-2 (]: On seed.observatorio_gold.dim_orgao: COMMIT
[0m18:48:22.870390 [debug] [Thread-1 (]: SQL status: OK in 0.005 seconds
[0m18:48:22.871402 [debug] [Thread-2 (]: SQL status: OK in 0.003 seconds
[0m18:48:22.876071 [debug] [Thread-1 (]: Using duckdb connection "model.observatorio_gold.dim_data"
[0m18:48:22.881212 [debug] [Thread-2 (]: On seed.observatorio_gold.dim_orgao: Close
[0m18:48:22.881756 [debug] [Thread-1 (]: On model.observatorio_gold.dim_data: /* {"app": "dbt", "dbt_version": "1.12.0", "profile_name": "observatorio_gold", "target_name": "dev", "node_id": "model.observatorio_gold.dim_data"} */

      drop table if exists "observatorio_dev"."main"."dim_data__dbt_backup" cascade
    
[0m18:48:22.885039 [debug] [Thread-2 (]: Sending event: {'category': 'dbt', 'action': 'run_model', 'label': '997b844c-e115-4676-923d-88d70bb14ac4', 'context': [<snowplow_tracker.self_describing_json.SelfDescribingJson object at 0x00000183228A55E0>]}
[0m18:48:22.885571 [debug] [Thread-1 (]: SQL status: OK in 0.001 seconds
[0m18:48:22.885571 [info ] [Thread-2 (]: 2 of 14 OK loaded seed file main.dim_orgao ..................................... [[32mINSERT 2[0m in 0.20s]
[0m18:48:22.889009 [debug] [Thread-1 (]: On model.observatorio_gold.dim_data: Close
[0m18:48:22.890007 [debug] [Thread-2 (]: Finished running node seed.observatorio_gold.dim_orgao
[0m18:48:22.892007 [debug] [Thread-1 (]: Sending event: {'category': 'dbt', 'action': 'run_model', 'label': '997b844c-e115-4676-923d-88d70bb14ac4', 'context': [<snowplow_tracker.self_describing_json.SelfDescribingJson object at 0x0000018322916CC0>]}
[0m18:48:22.893005 [debug] [Thread-4 (]: Began running node test.observatorio_gold.accepted_values_dim_orgao_poder__Legislativo__Executivo__Judici_rio.fe0882ad94
[0m18:48:22.894006 [debug] [Thread-3 (]: Began running node test.observatorio_gold.not_null_dim_orgao_id_orgao.bae7050423
[0m18:48:22.894006 [debug] [Thread-2 (]: Began running node test.observatorio_gold.not_null_dim_orgao_instituicao.cd84957f6b
[0m18:48:22.895006 [info ] [Thread-1 (]: 1 of 14 OK created sql table model main.dim_data ............................... [[32mOK[0m in 0.21s]
[0m18:48:22.896008 [info ] [Thread-4 (]: 3 of 14 START test accepted_values_dim_orgao_poder__Legislativo__Executivo__Judici_rio  [RUN]
[0m18:48:22.897008 [info ] [Thread-3 (]: 4 of 14 START test not_null_dim_orgao_id_orgao ................................. [RUN]
[0m18:48:22.898075 [info ] [Thread-2 (]: 5 of 14 START test not_null_dim_orgao_instituicao .............................. [RUN]
[0m18:48:22.899078 [debug] [Thread-1 (]: Finished running node model.observatorio_gold.dim_data
[0m18:48:22.900111 [debug] [Thread-4 (]: Acquiring new duckdb connection 'test.observatorio_gold.accepted_values_dim_orgao_poder__Legislativo__Executivo__Judici_rio.fe0882ad94'
[0m18:48:22.901274 [debug] [Thread-3 (]: Acquiring new duckdb connection 'test.observatorio_gold.not_null_dim_orgao_id_orgao.bae7050423'
[0m18:48:22.902324 [debug] [Thread-2 (]: Re-using an available connection from the pool (formerly seed.observatorio_gold.dim_orgao, now test.observatorio_gold.not_null_dim_orgao_instituicao.cd84957f6b)
[0m18:48:22.903327 [debug] [Thread-1 (]: Began running node test.observatorio_gold.not_null_dim_orgao_poder.5f7d6838c0
[0m18:48:22.904394 [debug] [Thread-4 (]: Began compiling node test.observatorio_gold.accepted_values_dim_orgao_poder__Legislativo__Executivo__Judici_rio.fe0882ad94
[0m18:48:22.905496 [debug] [Thread-3 (]: Began compiling node test.observatorio_gold.not_null_dim_orgao_id_orgao.bae7050423
[0m18:48:22.906497 [debug] [Thread-2 (]: Began compiling node test.observatorio_gold.not_null_dim_orgao_instituicao.cd84957f6b
[0m18:48:22.907508 [info ] [Thread-1 (]: 6 of 14 START test not_null_dim_orgao_poder .................................... [RUN]
[0m18:48:22.917602 [debug] [Thread-4 (]: Writing injected SQL for node "test.observatorio_gold.accepted_values_dim_orgao_poder__Legislativo__Executivo__Judici_rio.fe0882ad94"
[0m18:48:22.930300 [debug] [Thread-3 (]: Writing injected SQL for node "test.observatorio_gold.not_null_dim_orgao_id_orgao.bae7050423"
[0m18:48:22.938533 [debug] [Thread-2 (]: Writing injected SQL for node "test.observatorio_gold.not_null_dim_orgao_instituicao.cd84957f6b"
[0m18:48:22.939530 [debug] [Thread-1 (]: Re-using an available connection from the pool (formerly model.observatorio_gold.dim_data, now test.observatorio_gold.not_null_dim_orgao_poder.5f7d6838c0)
[0m18:48:22.941531 [debug] [Thread-1 (]: Began compiling node test.observatorio_gold.not_null_dim_orgao_poder.5f7d6838c0
[0m18:48:22.950435 [debug] [Thread-4 (]: Began executing node test.observatorio_gold.accepted_values_dim_orgao_poder__Legislativo__Executivo__Judici_rio.fe0882ad94
[0m18:48:22.948927 [debug] [Thread-1 (]: Writing injected SQL for node "test.observatorio_gold.not_null_dim_orgao_poder.5f7d6838c0"
[0m18:48:22.951448 [debug] [Thread-3 (]: Began executing node test.observatorio_gold.not_null_dim_orgao_id_orgao.bae7050423
[0m18:48:22.952651 [debug] [Thread-2 (]: Began executing node test.observatorio_gold.not_null_dim_orgao_instituicao.cd84957f6b
[0m18:48:22.973033 [debug] [Thread-4 (]: Writing runtime sql for node "test.observatorio_gold.accepted_values_dim_orgao_poder__Legislativo__Executivo__Judici_rio.fe0882ad94"
[0m18:48:22.976940 [debug] [Thread-3 (]: Writing runtime sql for node "test.observatorio_gold.not_null_dim_orgao_id_orgao.bae7050423"
[0m18:48:22.976940 [debug] [Thread-2 (]: Writing runtime sql for node "test.observatorio_gold.not_null_dim_orgao_instituicao.cd84957f6b"
[0m18:48:22.976940 [debug] [Thread-1 (]: Began executing node test.observatorio_gold.not_null_dim_orgao_poder.5f7d6838c0
[0m18:48:22.983384 [debug] [Thread-4 (]: Using duckdb connection "test.observatorio_gold.accepted_values_dim_orgao_poder__Legislativo__Executivo__Judici_rio.fe0882ad94"
[0m18:48:22.986019 [debug] [Thread-1 (]: Writing runtime sql for node "test.observatorio_gold.not_null_dim_orgao_poder.5f7d6838c0"
[0m18:48:22.987462 [debug] [Thread-3 (]: Using duckdb connection "test.observatorio_gold.not_null_dim_orgao_id_orgao.bae7050423"
[0m18:48:22.988474 [debug] [Thread-4 (]: On test.observatorio_gold.accepted_values_dim_orgao_poder__Legislativo__Executivo__Judici_rio.fe0882ad94: BEGIN
[0m18:48:22.989473 [debug] [Thread-2 (]: Using duckdb connection "test.observatorio_gold.not_null_dim_orgao_instituicao.cd84957f6b"
[0m18:48:22.990474 [debug] [Thread-3 (]: On test.observatorio_gold.not_null_dim_orgao_id_orgao.bae7050423: BEGIN
[0m18:48:22.991758 [debug] [Thread-4 (]: Opening a new connection, currently in state init
[0m18:48:22.991758 [debug] [Thread-1 (]: Using duckdb connection "test.observatorio_gold.not_null_dim_orgao_poder.5f7d6838c0"
[0m18:48:22.992943 [debug] [Thread-2 (]: On test.observatorio_gold.not_null_dim_orgao_instituicao.cd84957f6b: BEGIN
[0m18:48:22.994304 [debug] [Thread-3 (]: Opening a new connection, currently in state init
[0m18:48:22.995819 [debug] [Thread-1 (]: On test.observatorio_gold.not_null_dim_orgao_poder.5f7d6838c0: BEGIN
[0m18:48:22.995819 [debug] [Thread-4 (]: SQL status: OK in 0.005 seconds
[0m18:48:22.996819 [debug] [Thread-2 (]: Opening a new connection, currently in state closed
[0m18:48:22.998842 [debug] [Thread-1 (]: Opening a new connection, currently in state closed
[0m18:48:22.998842 [debug] [Thread-3 (]: SQL status: OK in 0.005 seconds
[0m18:48:22.999839 [debug] [Thread-4 (]: Using duckdb connection "test.observatorio_gold.accepted_values_dim_orgao_poder__Legislativo__Executivo__Judici_rio.fe0882ad94"
[0m18:48:23.001837 [debug] [Thread-2 (]: SQL status: OK in 0.005 seconds
[0m18:48:23.001837 [debug] [Thread-1 (]: SQL status: OK in 0.004 seconds
[0m18:48:23.003127 [debug] [Thread-3 (]: Using duckdb connection "test.observatorio_gold.not_null_dim_orgao_id_orgao.bae7050423"
[0m18:48:23.004133 [debug] [Thread-4 (]: On test.observatorio_gold.accepted_values_dim_orgao_poder__Legislativo__Executivo__Judici_rio.fe0882ad94: /* {"app": "dbt", "dbt_version": "1.12.0", "profile_name": "observatorio_gold", "target_name": "dev", "node_id": "test.observatorio_gold.accepted_values_dim_orgao_poder__Legislativo__Executivo__Judici_rio.fe0882ad94"} */

    
    select
      count(*) as failures,
      count(*) != 0 as should_warn,
      count(*) != 0 as should_error
    from (
      
    
  
    
    

with all_values as (

    select
        poder as value_field,
        count(*) as n_records

    from "observatorio_dev"."main"."dim_orgao"
    group by poder

)

select *
from all_values
where value_field not in (
    'Legislativo','Executivo','Judiciário'
)



  
  
      
    ) dbt_internal_test
[0m18:48:23.005129 [debug] [Thread-2 (]: Using duckdb connection "test.observatorio_gold.not_null_dim_orgao_instituicao.cd84957f6b"
[0m18:48:23.006130 [debug] [Thread-1 (]: Using duckdb connection "test.observatorio_gold.not_null_dim_orgao_poder.5f7d6838c0"
[0m18:48:23.006130 [debug] [Thread-3 (]: On test.observatorio_gold.not_null_dim_orgao_id_orgao.bae7050423: /* {"app": "dbt", "dbt_version": "1.12.0", "profile_name": "observatorio_gold", "target_name": "dev", "node_id": "test.observatorio_gold.not_null_dim_orgao_id_orgao.bae7050423"} */

    
    select
      count(*) as failures,
      count(*) != 0 as should_warn,
      count(*) != 0 as should_error
    from (
      
    
  
    
    



select id_orgao
from "observatorio_dev"."main"."dim_orgao"
where id_orgao is null



  
  
      
    ) dbt_internal_test
[0m18:48:23.008130 [debug] [Thread-2 (]: On test.observatorio_gold.not_null_dim_orgao_instituicao.cd84957f6b: /* {"app": "dbt", "dbt_version": "1.12.0", "profile_name": "observatorio_gold", "target_name": "dev", "node_id": "test.observatorio_gold.not_null_dim_orgao_instituicao.cd84957f6b"} */

    
    select
      count(*) as failures,
      count(*) != 0 as should_warn,
      count(*) != 0 as should_error
    from (
      
    
  
    
    



select instituicao
from "observatorio_dev"."main"."dim_orgao"
where instituicao is null



  
  
      
    ) dbt_internal_test
[0m18:48:23.009129 [debug] [Thread-1 (]: On test.observatorio_gold.not_null_dim_orgao_poder.5f7d6838c0: /* {"app": "dbt", "dbt_version": "1.12.0", "profile_name": "observatorio_gold", "target_name": "dev", "node_id": "test.observatorio_gold.not_null_dim_orgao_poder.5f7d6838c0"} */

    
    select
      count(*) as failures,
      count(*) != 0 as should_warn,
      count(*) != 0 as should_error
    from (
      
    
  
    
    



select poder
from "observatorio_dev"."main"."dim_orgao"
where poder is null



  
  
      
    ) dbt_internal_test
[0m18:48:23.009129 [debug] [Thread-4 (]: SQL status: OK in 0.002 seconds
[0m18:48:23.011163 [debug] [Thread-3 (]: SQL status: OK in 0.001 seconds
[0m18:48:23.012183 [debug] [Thread-2 (]: SQL status: OK in 0.001 seconds
[0m18:48:23.016185 [debug] [Thread-4 (]: On test.observatorio_gold.accepted_values_dim_orgao_poder__Legislativo__Executivo__Judici_rio.fe0882ad94: ROLLBACK
[0m18:48:23.017195 [debug] [Thread-1 (]: SQL status: OK in 0.005 seconds
[0m18:48:23.019193 [debug] [Thread-3 (]: On test.observatorio_gold.not_null_dim_orgao_id_orgao.bae7050423: ROLLBACK
[0m18:48:23.020880 [debug] [Thread-2 (]: On test.observatorio_gold.not_null_dim_orgao_instituicao.cd84957f6b: ROLLBACK
[0m18:48:23.022825 [debug] [Thread-4 (]: On test.observatorio_gold.accepted_values_dim_orgao_poder__Legislativo__Executivo__Judici_rio.fe0882ad94: Close
[0m18:48:23.024414 [debug] [Thread-1 (]: On test.observatorio_gold.not_null_dim_orgao_poder.5f7d6838c0: ROLLBACK
[0m18:48:23.025412 [debug] [Thread-3 (]: On test.observatorio_gold.not_null_dim_orgao_id_orgao.bae7050423: Close
[0m18:48:23.027413 [debug] [Thread-2 (]: On test.observatorio_gold.not_null_dim_orgao_instituicao.cd84957f6b: Close
[0m18:48:23.027413 [info ] [Thread-4 (]: 3 of 14 PASS accepted_values_dim_orgao_poder__Legislativo__Executivo__Judici_rio  [[32mPASS[0m in 0.13s]
[0m18:48:23.027413 [debug] [Thread-1 (]: On test.observatorio_gold.not_null_dim_orgao_poder.5f7d6838c0: Close
[0m18:48:23.027413 [info ] [Thread-3 (]: 4 of 14 PASS not_null_dim_orgao_id_orgao ....................................... [[32mPASS[0m in 0.13s]
[0m18:48:23.031418 [info ] [Thread-2 (]: 5 of 14 PASS not_null_dim_orgao_instituicao .................................... [[32mPASS[0m in 0.13s]
[0m18:48:23.031418 [debug] [Thread-4 (]: Finished running node test.observatorio_gold.accepted_values_dim_orgao_poder__Legislativo__Executivo__Judici_rio.fe0882ad94
[0m18:48:23.033425 [info ] [Thread-1 (]: 6 of 14 PASS not_null_dim_orgao_poder .......................................... [[32mPASS[0m in 0.09s]
[0m18:48:23.033425 [debug] [Thread-3 (]: Finished running node test.observatorio_gold.not_null_dim_orgao_id_orgao.bae7050423
[0m18:48:23.035440 [debug] [Thread-2 (]: Finished running node test.observatorio_gold.not_null_dim_orgao_instituicao.cd84957f6b
[0m18:48:23.035440 [debug] [Thread-4 (]: Began running node test.observatorio_gold.not_null_dim_orgao_sigla.ba2af0d74b
[0m18:48:23.037450 [debug] [Thread-1 (]: Finished running node test.observatorio_gold.not_null_dim_orgao_poder.5f7d6838c0
[0m18:48:23.039524 [debug] [Thread-3 (]: Began running node test.observatorio_gold.unique_dim_orgao_id_orgao.79adf62e29
[0m18:48:23.039524 [debug] [Thread-2 (]: Began running node test.observatorio_gold.unique_dim_orgao_sigla.bf38066eb0
[0m18:48:23.041422 [info ] [Thread-4 (]: 7 of 14 START test not_null_dim_orgao_sigla .................................... [RUN]
[0m18:48:23.041422 [debug] [Thread-1 (]: Began running node test.observatorio_gold.not_null_dim_data_ano.e4582745e7
[0m18:48:23.044707 [info ] [Thread-3 (]: 8 of 14 START test unique_dim_orgao_id_orgao ................................... [RUN]
[0m18:48:23.044707 [info ] [Thread-2 (]: 9 of 14 START test unique_dim_orgao_sigla ...................................... [RUN]
[0m18:48:23.044707 [debug] [Thread-4 (]: Re-using an available connection from the pool (formerly test.observatorio_gold.accepted_values_dim_orgao_poder__Legislativo__Executivo__Judici_rio.fe0882ad94, now test.observatorio_gold.not_null_dim_orgao_sigla.ba2af0d74b)
[0m18:48:23.044707 [info ] [Thread-1 (]: 10 of 14 START test not_null_dim_data_ano ...................................... [RUN]
[0m18:48:23.044707 [debug] [Thread-3 (]: Re-using an available connection from the pool (formerly test.observatorio_gold.not_null_dim_orgao_id_orgao.bae7050423, now test.observatorio_gold.unique_dim_orgao_id_orgao.79adf62e29)
[0m18:48:23.044707 [debug] [Thread-2 (]: Re-using an available connection from the pool (formerly test.observatorio_gold.not_null_dim_orgao_instituicao.cd84957f6b, now test.observatorio_gold.unique_dim_orgao_sigla.bf38066eb0)
[0m18:48:23.051283 [debug] [Thread-4 (]: Began compiling node test.observatorio_gold.not_null_dim_orgao_sigla.ba2af0d74b
[0m18:48:23.051283 [debug] [Thread-1 (]: Re-using an available connection from the pool (formerly test.observatorio_gold.not_null_dim_orgao_poder.5f7d6838c0, now test.observatorio_gold.not_null_dim_data_ano.e4582745e7)
[0m18:48:23.051283 [debug] [Thread-3 (]: Began compiling node test.observatorio_gold.unique_dim_orgao_id_orgao.79adf62e29
[0m18:48:23.054170 [debug] [Thread-2 (]: Began compiling node test.observatorio_gold.unique_dim_orgao_sigla.bf38066eb0
[0m18:48:23.063270 [debug] [Thread-4 (]: Writing injected SQL for node "test.observatorio_gold.not_null_dim_orgao_sigla.ba2af0d74b"
[0m18:48:23.064268 [debug] [Thread-1 (]: Began compiling node test.observatorio_gold.not_null_dim_data_ano.e4582745e7
[0m18:48:23.075074 [debug] [Thread-3 (]: Writing injected SQL for node "test.observatorio_gold.unique_dim_orgao_id_orgao.79adf62e29"
[0m18:48:23.082192 [debug] [Thread-2 (]: Writing injected SQL for node "test.observatorio_gold.unique_dim_orgao_sigla.bf38066eb0"
[0m18:48:23.087460 [debug] [Thread-1 (]: Writing injected SQL for node "test.observatorio_gold.not_null_dim_data_ano.e4582745e7"
[0m18:48:23.087460 [debug] [Thread-4 (]: Began executing node test.observatorio_gold.not_null_dim_orgao_sigla.ba2af0d74b
[0m18:48:23.087460 [debug] [Thread-4 (]: Writing runtime sql for node "test.observatorio_gold.not_null_dim_orgao_sigla.ba2af0d74b"
[0m18:48:23.087460 [debug] [Thread-3 (]: Began executing node test.observatorio_gold.unique_dim_orgao_id_orgao.79adf62e29
[0m18:48:23.087460 [debug] [Thread-2 (]: Began executing node test.observatorio_gold.unique_dim_orgao_sigla.bf38066eb0
[0m18:48:23.087460 [debug] [Thread-1 (]: Began executing node test.observatorio_gold.not_null_dim_data_ano.e4582745e7
[0m18:48:23.087460 [debug] [Thread-3 (]: Writing runtime sql for node "test.observatorio_gold.unique_dim_orgao_id_orgao.79adf62e29"
[0m18:48:23.087460 [debug] [Thread-4 (]: Using duckdb connection "test.observatorio_gold.not_null_dim_orgao_sigla.ba2af0d74b"
[0m18:48:23.103330 [debug] [Thread-2 (]: Writing runtime sql for node "test.observatorio_gold.unique_dim_orgao_sigla.bf38066eb0"
[0m18:48:23.103330 [debug] [Thread-1 (]: Writing runtime sql for node "test.observatorio_gold.not_null_dim_data_ano.e4582745e7"
[0m18:48:23.103330 [debug] [Thread-4 (]: On test.observatorio_gold.not_null_dim_orgao_sigla.ba2af0d74b: BEGIN
[0m18:48:23.103330 [debug] [Thread-3 (]: Using duckdb connection "test.observatorio_gold.unique_dim_orgao_id_orgao.79adf62e29"
[0m18:48:23.103330 [debug] [Thread-4 (]: Opening a new connection, currently in state closed
[0m18:48:23.103330 [debug] [Thread-2 (]: Using duckdb connection "test.observatorio_gold.unique_dim_orgao_sigla.bf38066eb0"
[0m18:48:23.103330 [debug] [Thread-3 (]: On test.observatorio_gold.unique_dim_orgao_id_orgao.79adf62e29: BEGIN
[0m18:48:23.103330 [debug] [Thread-1 (]: Using duckdb connection "test.observatorio_gold.not_null_dim_data_ano.e4582745e7"
[0m18:48:23.103330 [debug] [Thread-2 (]: On test.observatorio_gold.unique_dim_orgao_sigla.bf38066eb0: BEGIN
[0m18:48:23.103330 [debug] [Thread-4 (]: SQL status: OK in 0.004 seconds
[0m18:48:23.103330 [debug] [Thread-3 (]: Opening a new connection, currently in state closed
[0m18:48:23.103330 [debug] [Thread-1 (]: On test.observatorio_gold.not_null_dim_data_ano.e4582745e7: BEGIN
[0m18:48:23.119004 [debug] [Thread-2 (]: Opening a new connection, currently in state closed
[0m18:48:23.120791 [debug] [Thread-4 (]: Using duckdb connection "test.observatorio_gold.not_null_dim_orgao_sigla.ba2af0d74b"
[0m18:48:23.122145 [debug] [Thread-1 (]: Opening a new connection, currently in state closed
[0m18:48:23.123792 [debug] [Thread-3 (]: SQL status: OK in 0.006 seconds
[0m18:48:23.125123 [debug] [Thread-4 (]: On test.observatorio_gold.not_null_dim_orgao_sigla.ba2af0d74b: /* {"app": "dbt", "dbt_version": "1.12.0", "profile_name": "observatorio_gold", "target_name": "dev", "node_id": "test.observatorio_gold.not_null_dim_orgao_sigla.ba2af0d74b"} */

    
    select
      count(*) as failures,
      count(*) != 0 as should_warn,
      count(*) != 0 as should_error
    from (
      
    
  
    
    



select sigla
from "observatorio_dev"."main"."dim_orgao"
where sigla is null



  
  
      
    ) dbt_internal_test
[0m18:48:23.126205 [debug] [Thread-2 (]: SQL status: OK in 0.007 seconds
[0m18:48:23.127561 [debug] [Thread-1 (]: SQL status: OK in 0.005 seconds
[0m18:48:23.128928 [debug] [Thread-3 (]: Using duckdb connection "test.observatorio_gold.unique_dim_orgao_id_orgao.79adf62e29"
[0m18:48:23.128928 [debug] [Thread-2 (]: Using duckdb connection "test.observatorio_gold.unique_dim_orgao_sigla.bf38066eb0"
[0m18:48:23.131340 [debug] [Thread-4 (]: SQL status: OK in 0.002 seconds
[0m18:48:23.131340 [debug] [Thread-1 (]: Using duckdb connection "test.observatorio_gold.not_null_dim_data_ano.e4582745e7"
[0m18:48:23.131340 [debug] [Thread-3 (]: On test.observatorio_gold.unique_dim_orgao_id_orgao.79adf62e29: /* {"app": "dbt", "dbt_version": "1.12.0", "profile_name": "observatorio_gold", "target_name": "dev", "node_id": "test.observatorio_gold.unique_dim_orgao_id_orgao.79adf62e29"} */

    
    select
      count(*) as failures,
      count(*) != 0 as should_warn,
      count(*) != 0 as should_error
    from (
      
    
  
    
    

select
    id_orgao as unique_field,
    count(*) as n_records

from "observatorio_dev"."main"."dim_orgao"
where id_orgao is not null
group by id_orgao
having count(*) > 1



  
  
      
    ) dbt_internal_test
[0m18:48:23.131340 [debug] [Thread-2 (]: On test.observatorio_gold.unique_dim_orgao_sigla.bf38066eb0: /* {"app": "dbt", "dbt_version": "1.12.0", "profile_name": "observatorio_gold", "target_name": "dev", "node_id": "test.observatorio_gold.unique_dim_orgao_sigla.bf38066eb0"} */

    
    select
      count(*) as failures,
      count(*) != 0 as should_warn,
      count(*) != 0 as should_error
    from (
      
    
  
    
    

select
    sigla as unique_field,
    count(*) as n_records

from "observatorio_dev"."main"."dim_orgao"
where sigla is not null
group by sigla
having count(*) > 1



  
  
      
    ) dbt_internal_test
[0m18:48:23.131340 [debug] [Thread-4 (]: On test.observatorio_gold.not_null_dim_orgao_sigla.ba2af0d74b: ROLLBACK
[0m18:48:23.137470 [debug] [Thread-1 (]: On test.observatorio_gold.not_null_dim_data_ano.e4582745e7: /* {"app": "dbt", "dbt_version": "1.12.0", "profile_name": "observatorio_gold", "target_name": "dev", "node_id": "test.observatorio_gold.not_null_dim_data_ano.e4582745e7"} */

    
    select
      count(*) as failures,
      count(*) != 0 as should_warn,
      count(*) != 0 as should_error
    from (
      
    
  
    
    



select ano
from "observatorio_dev"."main"."dim_data"
where ano is null



  
  
      
    ) dbt_internal_test
[0m18:48:23.139487 [debug] [Thread-3 (]: SQL status: OK in 0.001 seconds
[0m18:48:23.140486 [debug] [Thread-4 (]: On test.observatorio_gold.not_null_dim_orgao_sigla.ba2af0d74b: Close
[0m18:48:23.142528 [debug] [Thread-2 (]: SQL status: OK in 0.003 seconds
[0m18:48:23.142528 [debug] [Thread-1 (]: SQL status: OK in 0.001 seconds
[0m18:48:23.145531 [debug] [Thread-3 (]: On test.observatorio_gold.unique_dim_orgao_id_orgao.79adf62e29: ROLLBACK
[0m18:48:23.146526 [info ] [Thread-4 (]: 7 of 14 PASS not_null_dim_orgao_sigla .......................................... [[32mPASS[0m in 0.10s]
[0m18:48:23.147527 [debug] [Thread-2 (]: On test.observatorio_gold.unique_dim_orgao_sigla.bf38066eb0: ROLLBACK
[0m18:48:23.150528 [debug] [Thread-1 (]: On test.observatorio_gold.not_null_dim_data_ano.e4582745e7: ROLLBACK
[0m18:48:23.151527 [debug] [Thread-3 (]: On test.observatorio_gold.unique_dim_orgao_id_orgao.79adf62e29: Close
[0m18:48:23.152527 [debug] [Thread-4 (]: Finished running node test.observatorio_gold.not_null_dim_orgao_sigla.ba2af0d74b
[0m18:48:23.154033 [debug] [Thread-2 (]: On test.observatorio_gold.unique_dim_orgao_sigla.bf38066eb0: Close
[0m18:48:23.155046 [debug] [Thread-1 (]: On test.observatorio_gold.not_null_dim_data_ano.e4582745e7: Close
[0m18:48:23.157261 [info ] [Thread-3 (]: 8 of 14 PASS unique_dim_orgao_id_orgao ......................................... [[32mPASS[0m in 0.11s]
[0m18:48:23.157261 [debug] [Thread-4 (]: Began running node test.observatorio_gold.not_null_dim_data_data.7b1e7fe406
[0m18:48:23.159615 [info ] [Thread-2 (]: 9 of 14 PASS unique_dim_orgao_sigla ............................................ [[32mPASS[0m in 0.11s]
[0m18:48:23.160986 [info ] [Thread-1 (]: 10 of 14 PASS not_null_dim_data_ano ............................................ [[32mPASS[0m in 0.11s]
[0m18:48:23.161987 [debug] [Thread-3 (]: Finished running node test.observatorio_gold.unique_dim_orgao_id_orgao.79adf62e29
[0m18:48:23.162986 [info ] [Thread-4 (]: 11 of 14 START test not_null_dim_data_data ..................................... [RUN]
[0m18:48:23.163983 [debug] [Thread-2 (]: Finished running node test.observatorio_gold.unique_dim_orgao_sigla.bf38066eb0
[0m18:48:23.165224 [debug] [Thread-1 (]: Finished running node test.observatorio_gold.not_null_dim_data_ano.e4582745e7
[0m18:48:23.166230 [debug] [Thread-3 (]: Began running node test.observatorio_gold.not_null_dim_data_data_sk.c1338f82c7
[0m18:48:23.167225 [debug] [Thread-4 (]: Re-using an available connection from the pool (formerly test.observatorio_gold.not_null_dim_orgao_sigla.ba2af0d74b, now test.observatorio_gold.not_null_dim_data_data.7b1e7fe406)
[0m18:48:23.168363 [debug] [Thread-2 (]: Began running node test.observatorio_gold.not_null_dim_data_is_dia_util.b6550cc039
[0m18:48:23.169755 [debug] [Thread-1 (]: Began running node test.observatorio_gold.unique_dim_data_data_sk.87dee8ea9b
[0m18:48:23.170756 [info ] [Thread-3 (]: 12 of 14 START test not_null_dim_data_data_sk .................................. [RUN]
[0m18:48:23.170756 [debug] [Thread-4 (]: Began compiling node test.observatorio_gold.not_null_dim_data_data.7b1e7fe406
[0m18:48:23.170756 [info ] [Thread-2 (]: 13 of 14 START test not_null_dim_data_is_dia_util .............................. [RUN]
[0m18:48:23.170756 [info ] [Thread-1 (]: 14 of 14 START test unique_dim_data_data_sk .................................... [RUN]
[0m18:48:23.174114 [debug] [Thread-3 (]: Re-using an available connection from the pool (formerly test.observatorio_gold.unique_dim_orgao_id_orgao.79adf62e29, now test.observatorio_gold.not_null_dim_data_data_sk.c1338f82c7)
[0m18:48:23.181412 [debug] [Thread-4 (]: Writing injected SQL for node "test.observatorio_gold.not_null_dim_data_data.7b1e7fe406"
[0m18:48:23.181412 [debug] [Thread-2 (]: Re-using an available connection from the pool (formerly test.observatorio_gold.unique_dim_orgao_sigla.bf38066eb0, now test.observatorio_gold.not_null_dim_data_is_dia_util.b6550cc039)
[0m18:48:23.181412 [debug] [Thread-1 (]: Re-using an available connection from the pool (formerly test.observatorio_gold.not_null_dim_data_ano.e4582745e7, now test.observatorio_gold.unique_dim_data_data_sk.87dee8ea9b)
[0m18:48:23.181412 [debug] [Thread-3 (]: Began compiling node test.observatorio_gold.not_null_dim_data_data_sk.c1338f82c7
[0m18:48:23.185063 [debug] [Thread-2 (]: Began compiling node test.observatorio_gold.not_null_dim_data_is_dia_util.b6550cc039
[0m18:48:23.186824 [debug] [Thread-1 (]: Began compiling node test.observatorio_gold.unique_dim_data_data_sk.87dee8ea9b
[0m18:48:23.186824 [debug] [Thread-4 (]: Began executing node test.observatorio_gold.not_null_dim_data_data.7b1e7fe406
[0m18:48:23.195011 [debug] [Thread-3 (]: Writing injected SQL for node "test.observatorio_gold.not_null_dim_data_data_sk.c1338f82c7"
[0m18:48:23.204096 [debug] [Thread-2 (]: Writing injected SQL for node "test.observatorio_gold.not_null_dim_data_is_dia_util.b6550cc039"
[0m18:48:23.213195 [debug] [Thread-1 (]: Writing injected SQL for node "test.observatorio_gold.unique_dim_data_data_sk.87dee8ea9b"
[0m18:48:23.216195 [debug] [Thread-4 (]: Writing runtime sql for node "test.observatorio_gold.not_null_dim_data_data.7b1e7fe406"
[0m18:48:23.217555 [debug] [Thread-3 (]: Began executing node test.observatorio_gold.not_null_dim_data_data_sk.c1338f82c7
[0m18:48:23.220604 [debug] [Thread-3 (]: Writing runtime sql for node "test.observatorio_gold.not_null_dim_data_data_sk.c1338f82c7"
[0m18:48:23.222038 [debug] [Thread-1 (]: Began executing node test.observatorio_gold.unique_dim_data_data_sk.87dee8ea9b
[0m18:48:23.223270 [debug] [Thread-2 (]: Began executing node test.observatorio_gold.not_null_dim_data_is_dia_util.b6550cc039
[0m18:48:23.224059 [debug] [Thread-4 (]: Using duckdb connection "test.observatorio_gold.not_null_dim_data_data.7b1e7fe406"
[0m18:48:23.226804 [debug] [Thread-1 (]: Writing runtime sql for node "test.observatorio_gold.unique_dim_data_data_sk.87dee8ea9b"
[0m18:48:23.229808 [debug] [Thread-2 (]: Writing runtime sql for node "test.observatorio_gold.not_null_dim_data_is_dia_util.b6550cc039"
[0m18:48:23.229808 [debug] [Thread-3 (]: Using duckdb connection "test.observatorio_gold.not_null_dim_data_data_sk.c1338f82c7"
[0m18:48:23.231396 [debug] [Thread-4 (]: On test.observatorio_gold.not_null_dim_data_data.7b1e7fe406: BEGIN
[0m18:48:23.231396 [debug] [Thread-3 (]: On test.observatorio_gold.not_null_dim_data_data_sk.c1338f82c7: BEGIN
[0m18:48:23.231396 [debug] [Thread-4 (]: Opening a new connection, currently in state closed
[0m18:48:23.231396 [debug] [Thread-2 (]: Using duckdb connection "test.observatorio_gold.not_null_dim_data_is_dia_util.b6550cc039"
[0m18:48:23.231396 [debug] [Thread-1 (]: Using duckdb connection "test.observatorio_gold.unique_dim_data_data_sk.87dee8ea9b"
[0m18:48:23.231396 [debug] [Thread-3 (]: Opening a new connection, currently in state closed
[0m18:48:23.237420 [debug] [Thread-4 (]: SQL status: OK in 0.003 seconds
[0m18:48:23.238427 [debug] [Thread-2 (]: On test.observatorio_gold.not_null_dim_data_is_dia_util.b6550cc039: BEGIN
[0m18:48:23.238427 [debug] [Thread-1 (]: On test.observatorio_gold.unique_dim_data_data_sk.87dee8ea9b: BEGIN
[0m18:48:23.240430 [debug] [Thread-3 (]: SQL status: OK in 0.004 seconds
[0m18:48:23.241346 [debug] [Thread-4 (]: Using duckdb connection "test.observatorio_gold.not_null_dim_data_data.7b1e7fe406"
[0m18:48:23.241346 [debug] [Thread-2 (]: Opening a new connection, currently in state closed
[0m18:48:23.241346 [debug] [Thread-1 (]: Opening a new connection, currently in state closed
[0m18:48:23.241346 [debug] [Thread-3 (]: Using duckdb connection "test.observatorio_gold.not_null_dim_data_data_sk.c1338f82c7"
[0m18:48:23.241346 [debug] [Thread-4 (]: On test.observatorio_gold.not_null_dim_data_data.7b1e7fe406: /* {"app": "dbt", "dbt_version": "1.12.0", "profile_name": "observatorio_gold", "target_name": "dev", "node_id": "test.observatorio_gold.not_null_dim_data_data.7b1e7fe406"} */

    
    select
      count(*) as failures,
      count(*) != 0 as should_warn,
      count(*) != 0 as should_error
    from (
      
    
  
    
    



select data
from "observatorio_dev"."main"."dim_data"
where data is null



  
  
      
    ) dbt_internal_test
[0m18:48:23.241346 [debug] [Thread-2 (]: SQL status: OK in 0.003 seconds
[0m18:48:23.241346 [debug] [Thread-1 (]: SQL status: OK in 0.003 seconds
[0m18:48:23.241346 [debug] [Thread-3 (]: On test.observatorio_gold.not_null_dim_data_data_sk.c1338f82c7: /* {"app": "dbt", "dbt_version": "1.12.0", "profile_name": "observatorio_gold", "target_name": "dev", "node_id": "test.observatorio_gold.not_null_dim_data_data_sk.c1338f82c7"} */

    
    select
      count(*) as failures,
      count(*) != 0 as should_warn,
      count(*) != 0 as should_error
    from (
      
    
  
    
    



select data_sk
from "observatorio_dev"."main"."dim_data"
where data_sk is null



  
  
      
    ) dbt_internal_test
[0m18:48:23.241346 [debug] [Thread-2 (]: Using duckdb connection "test.observatorio_gold.not_null_dim_data_is_dia_util.b6550cc039"
[0m18:48:23.241346 [debug] [Thread-4 (]: SQL status: OK in 0.001 seconds
[0m18:48:23.241346 [debug] [Thread-1 (]: Using duckdb connection "test.observatorio_gold.unique_dim_data_data_sk.87dee8ea9b"
[0m18:48:23.241346 [debug] [Thread-2 (]: On test.observatorio_gold.not_null_dim_data_is_dia_util.b6550cc039: /* {"app": "dbt", "dbt_version": "1.12.0", "profile_name": "observatorio_gold", "target_name": "dev", "node_id": "test.observatorio_gold.not_null_dim_data_is_dia_util.b6550cc039"} */

    
    select
      count(*) as failures,
      count(*) != 0 as should_warn,
      count(*) != 0 as should_error
    from (
      
    
  
    
    



select is_dia_util
from "observatorio_dev"."main"."dim_data"
where is_dia_util is null



  
  
      
    ) dbt_internal_test
[0m18:48:23.241346 [debug] [Thread-3 (]: SQL status: OK in 0.001 seconds
[0m18:48:23.241346 [debug] [Thread-4 (]: On test.observatorio_gold.not_null_dim_data_data.7b1e7fe406: ROLLBACK
[0m18:48:23.254110 [debug] [Thread-1 (]: On test.observatorio_gold.unique_dim_data_data_sk.87dee8ea9b: /* {"app": "dbt", "dbt_version": "1.12.0", "profile_name": "observatorio_gold", "target_name": "dev", "node_id": "test.observatorio_gold.unique_dim_data_data_sk.87dee8ea9b"} */

    
    select
      count(*) as failures,
      count(*) != 0 as should_warn,
      count(*) != 0 as should_error
    from (
      
    
  
    
    

select
    data_sk as unique_field,
    count(*) as n_records

from "observatorio_dev"."main"."dim_data"
where data_sk is not null
group by data_sk
having count(*) > 1



  
  
      
    ) dbt_internal_test
[0m18:48:23.257263 [debug] [Thread-3 (]: On test.observatorio_gold.not_null_dim_data_data_sk.c1338f82c7: ROLLBACK
[0m18:48:23.258358 [debug] [Thread-2 (]: SQL status: OK in 0.003 seconds
[0m18:48:23.259357 [debug] [Thread-4 (]: On test.observatorio_gold.not_null_dim_data_data.7b1e7fe406: Close
[0m18:48:23.261357 [debug] [Thread-3 (]: On test.observatorio_gold.not_null_dim_data_data_sk.c1338f82c7: Close
[0m18:48:23.263533 [debug] [Thread-2 (]: On test.observatorio_gold.not_null_dim_data_is_dia_util.b6550cc039: ROLLBACK
[0m18:48:23.264618 [debug] [Thread-1 (]: SQL status: OK in 0.005 seconds
[0m18:48:23.265618 [info ] [Thread-4 (]: 11 of 14 PASS not_null_dim_data_data ........................................... [[32mPASS[0m in 0.10s]
[0m18:48:23.266619 [info ] [Thread-3 (]: 12 of 14 PASS not_null_dim_data_data_sk ........................................ [[32mPASS[0m in 0.10s]
[0m18:48:23.267619 [debug] [Thread-2 (]: On test.observatorio_gold.not_null_dim_data_is_dia_util.b6550cc039: Close
[0m18:48:23.269616 [debug] [Thread-1 (]: On test.observatorio_gold.unique_dim_data_data_sk.87dee8ea9b: ROLLBACK
[0m18:48:23.269616 [debug] [Thread-4 (]: Finished running node test.observatorio_gold.not_null_dim_data_data.7b1e7fe406
[0m18:48:23.270619 [debug] [Thread-3 (]: Finished running node test.observatorio_gold.not_null_dim_data_data_sk.c1338f82c7
[0m18:48:23.272003 [info ] [Thread-2 (]: 13 of 14 PASS not_null_dim_data_is_dia_util .................................... [[32mPASS[0m in 0.09s]
[0m18:48:23.273082 [debug] [Thread-1 (]: On test.observatorio_gold.unique_dim_data_data_sk.87dee8ea9b: Close
[0m18:48:23.275082 [debug] [Thread-2 (]: Finished running node test.observatorio_gold.not_null_dim_data_is_dia_util.b6550cc039
[0m18:48:23.276930 [info ] [Thread-1 (]: 14 of 14 PASS unique_dim_data_data_sk .......................................... [[32mPASS[0m in 0.09s]
[0m18:48:23.278007 [debug] [Thread-1 (]: Finished running node test.observatorio_gold.unique_dim_data_data_sk.87dee8ea9b
[0m18:48:23.281117 [debug] [MainThread]: Using duckdb connection "master"
[0m18:48:23.281117 [debug] [MainThread]: On master: BEGIN
[0m18:48:23.281117 [debug] [MainThread]: Opening a new connection, currently in state closed
[0m18:48:23.281117 [debug] [MainThread]: SQL status: OK in 0.001 seconds
[0m18:48:23.281117 [debug] [MainThread]: On master: COMMIT
[0m18:48:23.281117 [debug] [MainThread]: Using duckdb connection "master"
[0m18:48:23.281117 [debug] [MainThread]: On master: COMMIT
[0m18:48:23.281117 [debug] [MainThread]: SQL status: OK in 0.000 seconds
[0m18:48:23.281117 [debug] [MainThread]: On master: Close
[0m18:48:23.281117 [debug] [MainThread]: Connection 'master' was properly closed.
[0m18:48:23.281117 [debug] [MainThread]: Connection 'create_observatorio_dev_main' was properly closed.
[0m18:48:23.287399 [debug] [MainThread]: Connection 'list_observatorio_dev_main' was properly closed.
[0m18:48:23.287399 [debug] [MainThread]: Connection 'test.observatorio_gold.unique_dim_data_data_sk.87dee8ea9b' was properly closed.
[0m18:48:23.288416 [debug] [MainThread]: Connection 'test.observatorio_gold.not_null_dim_data_is_dia_util.b6550cc039' was properly closed.
[0m18:48:23.288416 [debug] [MainThread]: Connection 'test.observatorio_gold.not_null_dim_data_data.7b1e7fe406' was properly closed.
[0m18:48:23.288416 [debug] [MainThread]: Connection 'test.observatorio_gold.not_null_dim_data_data_sk.c1338f82c7' was properly closed.
[0m18:48:23.289410 [info ] [MainThread]: 
[0m18:48:23.289410 [info ] [MainThread]: Finished running 1 seed, 1 table model, 12 data tests in 0 hours 0 minutes and 0.80 seconds (0.80s).
[0m18:48:23.292414 [debug] [MainThread]: Command end result
[0m18:48:23.334728 [debug] [MainThread]: Wrote artifact WritableManifest to C:\Users\Engca\observatorio_parlamentar\pipeline\gold\target\manifest.json
[0m18:48:23.339727 [debug] [MainThread]: Wrote artifact SemanticManifest to C:\Users\Engca\observatorio_parlamentar\pipeline\gold\target\semantic_manifest.json
[0m18:48:23.345730 [debug] [MainThread]: Wrote artifact OsiDocument to C:\Users\Engca\observatorio_parlamentar\pipeline\gold\target\osi_document.json
[0m18:48:23.357654 [debug] [MainThread]: Wrote artifact RunExecutionResult to C:\Users\Engca\observatorio_parlamentar\pipeline\gold\target\run_results.json
[0m18:48:23.358802 [info ] [MainThread]: 
[0m18:48:23.359809 [info ] [MainThread]: [32mCompleted successfully[0m
[0m18:48:23.361801 [info ] [MainThread]: 
[0m18:48:23.362800 [info ] [MainThread]: Done. PASS=14 WARN=0 ERROR=0 SKIP=0 NO-OP=0 REUSED=0 TOTAL=14
[0m18:48:23.363965 [warn ] [MainThread]: [[33mWARNING[0m][DeprecationsSummary]: Deprecated functionality
Summary of encountered deprecations:
- MissingArgumentsPropertyInGenericTestDeprecation: 1 occurrence
To see all deprecation instances instead of just the first occurrence of each,
run command again with the `--show-all-deprecations` flag. You may also need to
run with `--no-partial-parse` as some deprecations are only encountered during
parsing.
[0m18:48:23.365968 [debug] [MainThread]: Command `cli build` succeeded at 18:48:23.365968 after 4.26 seconds
[0m18:48:23.367971 [debug] [MainThread]: Sending event: {'category': 'dbt', 'action': 'invocation', 'label': 'end', 'context': [<snowplow_tracker.self_describing_json.SelfDescribingJson object at 0x000001831E651130>, <snowplow_tracker.self_describing_json.SelfDescribingJson object at 0x000001831E653320>, <snowplow_tracker.self_describing_json.SelfDescribingJson object at 0x000001831E651160>]}
[0m18:48:23.368964 [debug] [MainThread]: Flushing usage events
[0m18:48:24.288580 [debug] [MainThread]: An error was encountered while trying to flush usage events
